Using pre-set license
Built from '2021.3/china_unity/release' branch; Version is '2021.3.45f2c1 (8058fe21db2f) revision 8411390'; Using compiler version '192829333'; Build Type 'Release'
OS: 'Windows 10  (10.0.19045) 64bit Professional' Language: 'zh' Physical Memory: 32607 MB
BatchMode: 1, IsHumanControllingUs: 0, StartBugReporterOnCrash: 0, Is64bit: 1, IsPro: 1

COMMAND LINE ARGUMENTS:
E:\EditorInstall\2021.3.45f2c1\Editor\Unity.exe
-adb2
-batchMode
-noUpm
-name
AssetImportWorker1
-projectPath
D:/GitRepository/Unity-Design-Pattern/UnityProject
-logFile
Logs/AssetImportWorker1.log
-srvPort
54047
Successfully changed project path to: D:/GitRepository/Unity-Design-Pattern/UnityProject
D:/GitRepository/Unity-Design-Pattern/UnityProject
[UnityMemory] Configuration Parameters - Can be set up in boot.config
    "memorysetup-bucket-allocator-granularity=16"
    "memorysetup-bucket-allocator-bucket-count=8"
    "memorysetup-bucket-allocator-block-size=33554432"
    "memorysetup-bucket-allocator-block-count=8"
    "memorysetup-main-allocator-block-size=16777216"
    "memorysetup-thread-allocator-block-size=16777216"
    "memorysetup-gfx-main-allocator-block-size=16777216"
    "memorysetup-gfx-thread-allocator-block-size=16777216"
    "memorysetup-cache-allocator-block-size=4194304"
    "memorysetup-typetree-allocator-block-size=2097152"
    "memorysetup-profiler-bucket-allocator-granularity=16"
    "memorysetup-profiler-bucket-allocator-bucket-count=8"
    "memorysetup-profiler-bucket-allocator-block-size=33554432"
    "memorysetup-profiler-bucket-allocator-block-count=8"
    "memorysetup-profiler-allocator-block-size=16777216"
    "memorysetup-profiler-editor-allocator-block-size=1048576"
    "memorysetup-temp-allocator-size-main=16777216"
    "memorysetup-job-temp-allocator-block-size=2097152"
    "memorysetup-job-temp-allocator-block-size-background=1048576"
    "memorysetup-job-temp-allocator-reduction-small-platforms=262144"
    "memorysetup-temp-allocator-size-background-worker=32768"
    "memorysetup-temp-allocator-size-job-worker=262144"
    "memorysetup-temp-allocator-size-preload-manager=33554432"
    "memorysetup-temp-allocator-size-nav-mesh-worker=65536"
    "memorysetup-temp-allocator-size-audio-worker=65536"
    "memorysetup-temp-allocator-size-cloud-worker=32768"
    "memorysetup-temp-allocator-size-gi-baking-worker=262144"
    "memorysetup-temp-allocator-size-gfx=262144"
Player connection [33864] Host "[IP] 10.1.2.68 [Port] 0 [Flags] 2 [Guid] 323946356 [EditorId] 323946356 [Version] 1048832 [Id] WindowsEditor(7,CQLZD-2024JNYOB) [Debug] 1 [PackageName] WindowsEditor [ProjectName] Editor" joined multi-casting on [225.0.0.222:54997]...

Player connection [33864] Host "[IP] 10.1.2.68 [Port] 0 [Flags] 2 [Guid] 323946356 [EditorId] 323946356 [Version] 1048832 [Id] WindowsEditor(7,CQLZD-2024JNYOB) [Debug] 1 [PackageName] WindowsEditor [ProjectName] Editor" joined alternative multi-casting on [225.0.0.222:34997]...

AS: AutoStreaming module initializing.
[Physics::Module] Initialized MultithreadedJobDispatcher with {0} workers.
Refreshing native plugins compatible for Editor in 93.32 ms, found 2 plugins.
Preloading 0 native plugins for Editor in 0.00 ms.
Initialize engine version: 2021.3.45f2c1 (8058fe21db2f)
[Subsystems] Discovering subsystems at path E:/EditorInstall/2021.3.45f2c1/Editor/Data/Resources/UnitySubsystems
[Subsystems] Discovering subsystems at path D:/GitRepository/Unity-Design-Pattern/UnityProject/Assets
GfxDevice: creating device client; threaded=0; jobified=0
Direct3D:
    Version:  Direct3D 11.0 [level 11.1]
    Renderer: NVIDIA GeForce GTX 1050 Ti (ID=0x1c82)
    Vendor:   NVIDIA
    VRAM:     4004 MB
    Driver:   32.0.15.6094
Initialize mono
Mono path[0] = 'E:/EditorInstall/2021.3.45f2c1/Editor/Data/Managed'
Mono path[1] = 'E:/EditorInstall/2021.3.45f2c1/Editor/Data/MonoBleedingEdge/lib/mono/unityjit-win32'
Mono config path = 'E:/EditorInstall/2021.3.45f2c1/Editor/Data/MonoBleedingEdge/etc'
Using monoOptions --debugger-agent=transport=dt_socket,embedding=1,server=y,suspend=n,address=127.0.0.1:56952
Begin MonoManager ReloadAssembly
Registering precompiled unity dll's ...
Register platform support module: E:/EditorInstall/2021.3.45f2c1/Editor/Data/PlaybackEngines/AndroidPlayer/UnityEditor.Android.Extensions.dll
Register platform support module: E:/EditorInstall/2021.3.45f2c1/Editor/Data/PlaybackEngines/WindowsStandaloneSupport/UnityEditor.WindowsStandalone.Extensions.dll
Registered in 0.001190 seconds.
Native extension for WindowsStandalone target not found
Native extension for Android target not found
Android Extension - Scanning For ADB Devices 426 ms
Refreshing native plugins compatible for Editor in 17.85 ms, found 2 plugins.
Preloading 0 native plugins for Editor in 0.00 ms.
Mono: successfully reloaded assembly
- Completed reload, in  1.479 seconds
Domain Reload Profiling:
	ReloadAssembly (1479ms)
		BeginReloadAssembly (117ms)
			ExecutionOrderSort (0ms)
			DisableScriptedObjects (0ms)
			BackupInstance (0ms)
			ReleaseScriptingObjects (0ms)
			CreateAndSetChildDomain (0ms)
		EndReloadAssembly (1114ms)
			LoadAssemblies (117ms)
			RebuildTransferFunctionScriptingTraits (0ms)
			SetupTypeCache (505ms)
			ReleaseScriptCaches (0ms)
			RebuildScriptCaches (15ms)
			SetupLoadedEditorAssemblies (571ms)
				LogAssemblyErrors (0ms)
				InitializePlatformSupportModulesInManaged (472ms)
				SetLoadedEditorAssemblies (0ms)
				RefreshPlugins (18ms)
				BeforeProcessingInitializeOnLoad (1ms)
				ProcessInitializeOnLoadAttributes (52ms)
				ProcessInitializeOnLoadMethodAttributes (28ms)
				AfterProcessingInitializeOnLoad (0ms)
				EditorAssembliesLoaded (0ms)
			ExecutionOrderSort2 (0ms)
			AwakeInstancesAfterBackupRestoration (0ms)
Platform modules already initialized, skipping
Registering precompiled user dll's ...
Registered in 0.001594 seconds.
Begin MonoManager ReloadAssembly
Symbol file LoadedFromMemory is not a mono symbol file
Native extension for WindowsStandalone target not found
Native extension for Android target not found
Refreshing native plugins compatible for Editor in 0.72 ms, found 2 plugins.
Preloading 0 native plugins for Editor in 0.00 ms.
Package Manager log level set to [2]
[Package Manager] Server::EnsureServerProcessIsRunning -- launch failed, reason: Unity was launched with the -noUpm command-line argument
[Package Manager] Cannot connect to Unity Package Manager local server
Mono: successfully reloaded assembly
- Completed reload, in  4.378 seconds
Domain Reload Profiling:
	ReloadAssembly (4379ms)
		BeginReloadAssembly (108ms)
			ExecutionOrderSort (0ms)
			DisableScriptedObjects (6ms)
			BackupInstance (0ms)
			ReleaseScriptingObjects (0ms)
			CreateAndSetChildDomain (18ms)
		EndReloadAssembly (4111ms)
			LoadAssemblies (2519ms)
			RebuildTransferFunctionScriptingTraits (0ms)
			SetupTypeCache (596ms)
			ReleaseScriptCaches (0ms)
			RebuildScriptCaches (47ms)
			SetupLoadedEditorAssemblies (932ms)
				LogAssemblyErrors (0ms)
				InitializePlatformSupportModulesInManaged (11ms)
				SetLoadedEditorAssemblies (0ms)
				RefreshPlugins (1ms)
				BeforeProcessingInitializeOnLoad (62ms)
				ProcessInitializeOnLoadAttributes (740ms)
				ProcessInitializeOnLoadMethodAttributes (115ms)
				AfterProcessingInitializeOnLoad (3ms)
				EditorAssembliesLoaded (0ms)
			ExecutionOrderSort2 (0ms)
			AwakeInstancesAfterBackupRestoration (6ms)
Platform modules already initialized, skipping
========================================================================
Worker process is ready to serve import requests
Launched and connected shader compiler UnityShaderCompiler.exe after 0.04 seconds
Refreshing native plugins compatible for Editor in 0.67 ms, found 2 plugins.
Preloading 0 native plugins for Editor in 0.00 ms.
Unloading 2604 Unused Serialized files (Serialized files now loaded: 0)
Unloading 62 unused Assets / (399.1 KB). Loaded Objects now: 3042.
Memory consumption went from 98.5 MB to 98.1 MB.
Total: 5.535000 ms (FindLiveObjects: 0.216100 ms CreateObjectMapping: 0.058100 ms MarkObjects: 5.046000 ms  DeleteObjects: 0.214000 ms)

AssetImportParameters requested are different than current active one (requested -> active):
  custom:video-decoder-ogg-theora: a1e56fd34408186e4bbccfd4996cb3dc -> 
  custom:container-muxer-webm: aa71ff27fc2769a1b78a27578f13a17b -> 
  custom:container-demuxer-webm: 4f35f7cbe854078d1ac9338744f61a02 -> 
  custom:video-encoder-webm-vp8: eb34c28f22e8b96e1ab97ce403110664 -> 
  custom:CustomObjectIndexerAttribute: bc11b3a6c3213fcdd17b65e7da85e133 -> 
  custom:audio-encoder-webm-vorbis: bf7c407c2cedff20999df2af8eb42d56 -> 
  custom:framework-win-MediaFoundation: 216162199b28c13a410421893ffa2e32 -> 
  custom:SearchIndexIgnoredProperties: e643bd26f0fe6173181afceb89e7c659 -> 
  custom:container-demuxer-ogg: 62fdf1f143b41e24485cea50d1cbac27 -> 
  custom:video-decoder-webm-vp8: 9c59270c3fd7afecdb556c50c9e8de78 -> 
  custom:audio-decoder-ogg-vorbis: bf7c407c2cedff20999df2af8eb42d56 -> 
========================================================================
Received Prepare
Registering precompiled user dll's ...
Registered in 0.004101 seconds.
Begin MonoManager ReloadAssembly
Symbol file LoadedFromMemory is not a mono symbol file
Native extension for WindowsStandalone target not found
Native extension for Android target not found
Refreshing native plugins compatible for Editor in 1.63 ms, found 2 plugins.
Preloading 0 native plugins for Editor in 0.00 ms.
[Package Manager] Server::EnsureServerProcessIsRunning -- launch failed, reason: Unity was launched with the -noUpm command-line argument
[Package Manager] Cannot connect to Unity Package Manager local server
Mono: successfully reloaded assembly
- Completed reload, in  1.555 seconds
Domain Reload Profiling:
	ReloadAssembly (1556ms)
		BeginReloadAssembly (366ms)
			ExecutionOrderSort (0ms)
			DisableScriptedObjects (45ms)
			BackupInstance (0ms)
			ReleaseScriptingObjects (0ms)
			CreateAndSetChildDomain (145ms)
		EndReloadAssembly (1104ms)
			LoadAssemblies (124ms)
			RebuildTransferFunctionScriptingTraits (1ms)
			SetupTypeCache (181ms)
			ReleaseScriptCaches (1ms)
			RebuildScriptCaches (34ms)
			SetupLoadedEditorAssemblies (780ms)
				LogAssemblyErrors (0ms)
				InitializePlatformSupportModulesInManaged (14ms)
				SetLoadedEditorAssemblies (0ms)
				RefreshPlugins (2ms)
				BeforeProcessingInitializeOnLoad (44ms)
				ProcessInitializeOnLoadAttributes (605ms)
				ProcessInitializeOnLoadMethodAttributes (112ms)
				AfterProcessingInitializeOnLoad (3ms)
				EditorAssembliesLoaded (0ms)
			ExecutionOrderSort2 (0ms)
			AwakeInstancesAfterBackupRestoration (6ms)
Platform modules already initialized, skipping
Refreshing native plugins compatible for Editor in 0.80 ms, found 2 plugins.
Preloading 0 native plugins for Editor in 0.00 ms.
Unloading 3099 Unused Serialized files (Serialized files now loaded: 0)
Unloading 53 unused Assets / (372.5 KB). Loaded Objects now: 3558.
Memory consumption went from 110.2 MB to 109.9 MB.
Total: 11.207500 ms (FindLiveObjects: 0.531100 ms CreateObjectMapping: 0.069200 ms MarkObjects: 10.068800 ms  DeleteObjects: 0.536300 ms)

AssetImportParameters requested are different than current active one (requested -> active):
  custom:video-decoder-ogg-theora: a1e56fd34408186e4bbccfd4996cb3dc -> 
  custom:container-muxer-webm: aa71ff27fc2769a1b78a27578f13a17b -> 
  custom:container-demuxer-webm: 4f35f7cbe854078d1ac9338744f61a02 -> 
  custom:video-encoder-webm-vp8: eb34c28f22e8b96e1ab97ce403110664 -> 
  custom:CustomObjectIndexerAttribute: bc11b3a6c3213fcdd17b65e7da85e133 -> 
  custom:audio-encoder-webm-vorbis: bf7c407c2cedff20999df2af8eb42d56 -> 
  custom:framework-win-MediaFoundation: 216162199b28c13a410421893ffa2e32 -> 
  custom:SearchIndexIgnoredProperties: e643bd26f0fe6173181afceb89e7c659 -> 
  custom:container-demuxer-ogg: 62fdf1f143b41e24485cea50d1cbac27 -> 
  custom:video-decoder-webm-vp8: 9c59270c3fd7afecdb556c50c9e8de78 -> 
  custom:audio-decoder-ogg-vorbis: bf7c407c2cedff20999df2af8eb42d56 -> 
========================================================================
Received Prepare
Registering precompiled user dll's ...
Registered in 0.002707 seconds.
Begin MonoManager ReloadAssembly
Symbol file LoadedFromMemory is not a mono symbol file
Native extension for WindowsStandalone target not found
Native extension for Android target not found
Refreshing native plugins compatible for Editor in 0.78 ms, found 2 plugins.
Preloading 0 native plugins for Editor in 0.00 ms.
[Package Manager] Server::EnsureServerProcessIsRunning -- launch failed, reason: Unity was launched with the -noUpm command-line argument
[Package Manager] Cannot connect to Unity Package Manager local server
Mono: successfully reloaded assembly
- Completed reload, in  1.237 seconds
Domain Reload Profiling:
	ReloadAssembly (1238ms)
		BeginReloadAssembly (112ms)
			ExecutionOrderSort (0ms)
			DisableScriptedObjects (5ms)
			BackupInstance (0ms)
			ReleaseScriptingObjects (0ms)
			CreateAndSetChildDomain (34ms)
		EndReloadAssembly (1051ms)
			LoadAssemblies (68ms)
			RebuildTransferFunctionScriptingTraits (0ms)
			SetupTypeCache (160ms)
			ReleaseScriptCaches (1ms)
			RebuildScriptCaches (34ms)
			SetupLoadedEditorAssemblies (764ms)
				LogAssemblyErrors (0ms)
				InitializePlatformSupportModulesInManaged (11ms)
				SetLoadedEditorAssemblies (0ms)
				RefreshPlugins (1ms)
				BeforeProcessingInitializeOnLoad (43ms)
				ProcessInitializeOnLoadAttributes (598ms)
				ProcessInitializeOnLoadMethodAttributes (109ms)
				AfterProcessingInitializeOnLoad (2ms)
				EditorAssembliesLoaded (0ms)
			ExecutionOrderSort2 (0ms)
			AwakeInstancesAfterBackupRestoration (6ms)
Platform modules already initialized, skipping
Refreshing native plugins compatible for Editor in 0.73 ms, found 2 plugins.
Preloading 0 native plugins for Editor in 0.00 ms.
Unloading 3135 Unused Serialized files (Serialized files now loaded: 0)
Unloading 44 unused Assets / (46.2 KB). Loaded Objects now: 3606.
Memory consumption went from 110.0 MB to 110.0 MB.
Total: 4.965000 ms (FindLiveObjects: 0.215500 ms CreateObjectMapping: 0.067500 ms MarkObjects: 4.628800 ms  DeleteObjects: 0.052200 ms)

AssetImportParameters requested are different than current active one (requested -> active):
  custom:video-decoder-ogg-theora: a1e56fd34408186e4bbccfd4996cb3dc -> 
  custom:container-muxer-webm: aa71ff27fc2769a1b78a27578f13a17b -> 
  custom:container-demuxer-webm: 4f35f7cbe854078d1ac9338744f61a02 -> 
  custom:video-encoder-webm-vp8: eb34c28f22e8b96e1ab97ce403110664 -> 
  custom:CustomObjectIndexerAttribute: bc11b3a6c3213fcdd17b65e7da85e133 -> 
  custom:audio-encoder-webm-vorbis: bf7c407c2cedff20999df2af8eb42d56 -> 
  custom:framework-win-MediaFoundation: 216162199b28c13a410421893ffa2e32 -> 
  custom:SearchIndexIgnoredProperties: e643bd26f0fe6173181afceb89e7c659 -> 
  custom:container-demuxer-ogg: 62fdf1f143b41e24485cea50d1cbac27 -> 
  custom:video-decoder-webm-vp8: 9c59270c3fd7afecdb556c50c9e8de78 -> 
  custom:audio-decoder-ogg-vorbis: bf7c407c2cedff20999df2af8eb42d56 -> 
========================================================================
Received Import Request.
  Time since last request: 25310.582718 seconds.
  path: Assets/TextMesh Pro/Examples & Extras/Sprites/DropCap Numbers.psd
  artifactKey: Guid(fd09957580ac4326916010f1f260975b) Importer(815301076,1909f56bfc062723c751e8b465ee728b)
Number of updated assets reloaded before import = 0
Start importing Assets/TextMesh Pro/Examples & Extras/Sprites/DropCap Numbers.psd using Guid(fd09957580ac4326916010f1f260975b) Importer(815301076,1909f56bfc062723c751e8b465ee728b)  -> (artifact id: '43560e6c4e542067fee9d023c2d04aa4') in 1.216544 seconds 
Number of asset objects unloaded after import = 2
========================================================================
Received Import Request.
  Time since last request: 0.000043 seconds.
  path: Assets/TextMesh Pro/Examples & Extras/Fonts/Electronic Highway Sign.TTF
  artifactKey: Guid(8a2b9e2a607dd2143b58c44bc32410b4) Importer(815301076,1909f56bfc062723c751e8b465ee728b)
Number of updated assets reloaded before import = 0
Start importing Assets/TextMesh Pro/Examples & Extras/Fonts/Electronic Highway Sign.TTF using Guid(8a2b9e2a607dd2143b58c44bc32410b4) Importer(815301076,1909f56bfc062723c751e8b465ee728b)  -> (artifact id: 'c7d9a9643de83f572d985dd42f127df9') in 0.158905 seconds 
Number of asset objects unloaded after import = 4
========================================================================
Received Import Request.
  Time since last request: 0.000038 seconds.
  path: Assets/Samples/YooAsset/2.3.18/Space Shooter/GameRes/Effect/engines_player.prefab
  artifactKey: Guid(62ea8a5ca94c546f29ba6dea8f379a7b) Importer(815301076,1909f56bfc062723c751e8b465ee728b)
Number of updated assets reloaded before import = 0
Start importing Assets/Samples/YooAsset/2.3.18/Space Shooter/GameRes/Effect/engines_player.prefab using Guid(62ea8a5ca94c546f29ba6dea8f379a7b) Importer(815301076,1909f56bfc062723c751e8b465ee728b)  -> (artifact id: '9a6e9758631169c56c067a23ebf73459') in 0.124984 seconds 
Number of asset objects unloaded after import = 16
========================================================================
Received Import Request.
  Time since last request: 0.199338 seconds.
  path: Assets/Samples/YooAsset/2.3.18/Space Shooter/GameRes/Effect/explosion_enemy.prefab
  artifactKey: Guid(160925a6fe2664f2a978566b819f0af0) Importer(815301076,1909f56bfc062723c751e8b465ee728b)
Number of updated assets reloaded before import = 0
Start importing Assets/Samples/YooAsset/2.3.18/Space Shooter/GameRes/Effect/explosion_enemy.prefab using Guid(160925a6fe2664f2a978566b819f0af0) Importer(815301076,1909f56bfc062723c751e8b465ee728b)  -> (artifact id: '08bd8535b3a6c824efe136f9c3c9c21e') in 0.090383 seconds 
Number of asset objects unloaded after import = 37
========================================================================
Received Import Request.
  Time since last request: 0.000014 seconds.
  path: Assets/Game Programming Patterns/Object Pool Pattern/Example/Material/Plane.mat
  artifactKey: Guid(7af618ba2ff2b9240bd56f1882c72dda) Importer(815301076,1909f56bfc062723c751e8b465ee728b)
Number of updated assets reloaded before import = 0
Start importing Assets/Game Programming Patterns/Object Pool Pattern/Example/Material/Plane.mat using Guid(7af618ba2ff2b9240bd56f1882c72dda) Importer(815301076,1909f56bfc062723c751e8b465ee728b)  -> (artifact id: 'f68556ab8a2dbaebd2374aacc5d8f484') in 0.053178 seconds 
Number of asset objects unloaded after import = 1
========================================================================
Received Import Request.
  Time since last request: 0.000020 seconds.
  path: Assets/TextMesh Pro/Examples & Extras/Textures/Small Crate_normal.jpg
  artifactKey: Guid(8878a782f4334ecbbcf683b3ac780966) Importer(815301076,1909f56bfc062723c751e8b465ee728b)
Number of updated assets reloaded before import = 0
Start importing Assets/TextMesh Pro/Examples & Extras/Textures/Small Crate_normal.jpg using Guid(8878a782f4334ecbbcf683b3ac780966) Importer(815301076,1909f56bfc062723c751e8b465ee728b)  -> (artifact id: '023503c553033435bbd98249c61d55cc') in 0.016328 seconds 
Number of asset objects unloaded after import = 2
========================================================================
Received Import Request.
  Time since last request: 0.000014 seconds.
  path: Assets/Samples/YooAsset/2.3.18/Space Shooter/GameRes/Audio/sound_explosion_enemy.wav
  artifactKey: Guid(72e76810224064300b7d32e8322a5d12) Importer(815301076,1909f56bfc062723c751e8b465ee728b)
Number of updated assets reloaded before import = 0
Start importing Assets/Samples/YooAsset/2.3.18/Space Shooter/GameRes/Audio/sound_explosion_enemy.wav using Guid(72e76810224064300b7d32e8322a5d12) Importer(815301076,1909f56bfc062723c751e8b465ee728b)  -> (artifact id: '48d4081503e409dddb554e9ab01458f9') in 0.112328 seconds 
Number of asset objects unloaded after import = 2
========================================================================
Received Import Request.
  Time since last request: 0.000016 seconds.
  path: Assets/Samples/YooAsset/2.3.18/Space Shooter/GameRes/EntityArt/prop_asteroid_02/Materials/prop_asteroid_02_mat.mat
  artifactKey: Guid(b0f2dd1df15204f409aeec11e34ca694) Importer(815301076,1909f56bfc062723c751e8b465ee728b)
Number of updated assets reloaded before import = 0
Start importing Assets/Samples/YooAsset/2.3.18/Space Shooter/GameRes/EntityArt/prop_asteroid_02/Materials/prop_asteroid_02_mat.mat using Guid(b0f2dd1df15204f409aeec11e34ca694) Importer(815301076,1909f56bfc062723c751e8b465ee728b)  -> (artifact id: '6f67d7c6fde717c5a6a2a14ccfcc5ef4') in 0.018279 seconds 
Number of asset objects unloaded after import = 1
========================================================================
Received Import Request.
  Time since last request: 0.000014 seconds.
  path: Assets/Samples/YooAsset/2.3.18/Space Shooter/GameRes/EntityArt/prop_asteroid_02/prop_asteroid_02.FBX
  artifactKey: Guid(9afa958d6d8235941b9badb42aae4370) Importer(815301076,1909f56bfc062723c751e8b465ee728b)
Number of updated assets reloaded before import = 0
Start importing Assets/Samples/YooAsset/2.3.18/Space Shooter/GameRes/EntityArt/prop_asteroid_02/prop_asteroid_02.FBX using Guid(9afa958d6d8235941b9badb42aae4370) Importer(815301076,1909f56bfc062723c751e8b465ee728b)  -> (artifact id: '65d0a9701e493b3c71e514ba95c23e2f') in 0.044779 seconds 
Number of asset objects unloaded after import = 8
========================================================================
Received Import Request.
  Time since last request: 0.000016 seconds.
  path: Assets/Samples/YooAsset/2.3.18/Space Shooter/GameRes/EntityArt/prop_asteroid_03/prop_asteroid_03_dff.tif
  artifactKey: Guid(836be25be3e1e8c41ae5545bc8a9a4d7) Importer(815301076,1909f56bfc062723c751e8b465ee728b)
Number of updated assets reloaded before import = 0
Start importing Assets/Samples/YooAsset/2.3.18/Space Shooter/GameRes/EntityArt/prop_asteroid_03/prop_asteroid_03_dff.tif using Guid(836be25be3e1e8c41ae5545bc8a9a4d7) Importer(815301076,1909f56bfc062723c751e8b465ee728b)  -> (artifact id: '80c3190d0d6e7c435f26edc29cda2c2e') in 0.019171 seconds 
Number of asset objects unloaded after import = 2
========================================================================
Received Import Request.
  Time since last request: 0.000016 seconds.
  path: Assets/Samples/YooAsset/2.3.18/Space Shooter/GameRes/EntityArt/vehicle_playerShip/vehicle_playerShip_orange_dff.tif
  artifactKey: Guid(4f688097e85071841a2c3ba165000c20) Importer(815301076,1909f56bfc062723c751e8b465ee728b)
Number of updated assets reloaded before import = 0
Start importing Assets/Samples/YooAsset/2.3.18/Space Shooter/GameRes/EntityArt/vehicle_playerShip/vehicle_playerShip_orange_dff.tif using Guid(4f688097e85071841a2c3ba165000c20) Importer(815301076,1909f56bfc062723c751e8b465ee728b)  -> (artifact id: '0f09944c90d92922b1a4a915b9ca7019') in 0.018492 seconds 
Number of asset objects unloaded after import = 2
========================================================================
Received Import Request.
  Time since last request: 0.000021 seconds.
  path: Packages/com.unity.purchasing/Editor/ServiceProjectSettings/UI/UXML/PlatformSupportVisual.uxml
  artifactKey: Guid(c3366f3483b39407d88aaf60004a65f4) Importer(815301076,1909f56bfc062723c751e8b465ee728b)
Number of updated assets reloaded before import = 0
Start importing Packages/com.unity.purchasing/Editor/ServiceProjectSettings/UI/UXML/PlatformSupportVisual.uxml using Guid(c3366f3483b39407d88aaf60004a65f4) Importer(815301076,1909f56bfc062723c751e8b465ee728b)  -> (artifact id: '792f4290802e990c54a6f10660b0fb0f') in 0.035467 seconds 
Number of asset objects unloaded after import = 2
========================================================================
Received Import Request.
  Time since last request: 0.000016 seconds.
  path: Assets/Samples/YooAsset/2.3.18/Space Shooter/GameRes/Audio/sound_explosion_player.wav
  artifactKey: Guid(a019ae3af8e864616b85773c509f5285) Importer(815301076,1909f56bfc062723c751e8b465ee728b)
Number of updated assets reloaded before import = 0
Start importing Assets/Samples/YooAsset/2.3.18/Space Shooter/GameRes/Audio/sound_explosion_player.wav using Guid(a019ae3af8e864616b85773c509f5285) Importer(815301076,1909f56bfc062723c751e8b465ee728b)  -> (artifact id: '4d983ac4a1a588cddc87a427142b9ed9') in 0.019523 seconds 
Number of asset objects unloaded after import = 2
========================================================================
Received Import Request.
  Time since last request: 0.000016 seconds.
  path: Packages/com.unity.purchasing/Runtime/Stores/UnityEngine.Purchasing.Stores.asmdef
  artifactKey: Guid(08d1c582746949b40ba6a45cdb776bdf) Importer(815301076,1909f56bfc062723c751e8b465ee728b)
Number of updated assets reloaded before import = 0
Start importing Packages/com.unity.purchasing/Runtime/Stores/UnityEngine.Purchasing.Stores.asmdef using Guid(08d1c582746949b40ba6a45cdb776bdf) Importer(815301076,1909f56bfc062723c751e8b465ee728b)  -> (artifact id: 'c64963eb76180156a0ed5f242d904f61') in 0.007070 seconds 
Number of asset objects unloaded after import = 0
========================================================================
Received Import Request.
  Time since last request: 0.000015 seconds.
  path: Assets/Samples/YooAsset/2.3.18/Space Shooter/GameRes/EntityArt/prop_asteroid_03/prop_asteroid_03_nrm.tif
  artifactKey: Guid(7eae0d2701845a54aa570b07c55dab44) Importer(815301076,1909f56bfc062723c751e8b465ee728b)
Number of updated assets reloaded before import = 0
Start importing Assets/Samples/YooAsset/2.3.18/Space Shooter/GameRes/EntityArt/prop_asteroid_03/prop_asteroid_03_nrm.tif using Guid(7eae0d2701845a54aa570b07c55dab44) Importer(815301076,1909f56bfc062723c751e8b465ee728b)  -> (artifact id: '4f244314b1708c70d92733561dbce9f2') in 0.018641 seconds 
Number of asset objects unloaded after import = 2
========================================================================
Received Import Request.
  Time since last request: 0.000015 seconds.
  path: Assets/Samples/YooAsset/2.3.18/Space Shooter/ThirdParty/UniFramework/UniMachine/Runtime/UniFramework.Machine.asmdef
  artifactKey: Guid(c55575a9f1747c240822f4b7e0400716) Importer(815301076,1909f56bfc062723c751e8b465ee728b)
Number of updated assets reloaded before import = 0
Start importing Assets/Samples/YooAsset/2.3.18/Space Shooter/ThirdParty/UniFramework/UniMachine/Runtime/UniFramework.Machine.asmdef using Guid(c55575a9f1747c240822f4b7e0400716) Importer(815301076,1909f56bfc062723c751e8b465ee728b)  -> (artifact id: '530896bd0ac7a7ab154bb3454a51c240') in 0.005267 seconds 
Number of asset objects unloaded after import = 0
========================================================================
Received Import Request.
  Time since last request: 0.000021 seconds.
  path: Assets/Samples/YooAsset/2.3.18/Space Shooter/ThirdParty/UniFramework/UniUtility/Runtime/UniFramework.Utility.asmdef
  artifactKey: Guid(1ea6b676786131e4095182b742bb64ec) Importer(815301076,1909f56bfc062723c751e8b465ee728b)
Number of updated assets reloaded before import = 0
Start importing Assets/Samples/YooAsset/2.3.18/Space Shooter/ThirdParty/UniFramework/UniUtility/Runtime/UniFramework.Utility.asmdef using Guid(1ea6b676786131e4095182b742bb64ec) Importer(815301076,1909f56bfc062723c751e8b465ee728b)  -> (artifact id: '4c2a3c5c08c284e6564aeb2ce25fb57c') in 0.004386 seconds 
Number of asset objects unloaded after import = 0
========================================================================
Received Import Request.
  Time since last request: 0.000018 seconds.
  path: Assets/Res/TextMeshPro/FZXinZYHJW_EB SDF/Material/FZXinZYHJW_EB SDF_tmp003_gold.mat
  artifactKey: Guid(8319c5b2c56871f478c15780651c7dd5) Importer(815301076,1909f56bfc062723c751e8b465ee728b)
Number of updated assets reloaded before import = 0
Start importing Assets/Res/TextMeshPro/FZXinZYHJW_EB SDF/Material/FZXinZYHJW_EB SDF_tmp003_gold.mat using Guid(8319c5b2c56871f478c15780651c7dd5) Importer(815301076,1909f56bfc062723c751e8b465ee728b)  -> (artifact id: '2a993363b1b9d9358d727df1faddcd5e') in 0.031423 seconds 
Number of asset objects unloaded after import = 2
========================================================================
Received Import Request.
  Time since last request: 0.000015 seconds.
  path: Assets/Samples/YooAsset/2.3.18/Space Shooter/GameRes/Entity/player_bullet.prefab
  artifactKey: Guid(f4ec271e525e14ca9927a07e6a2e153d) Importer(815301076,1909f56bfc062723c751e8b465ee728b)
Number of updated assets reloaded before import = 0
Start importing Assets/Samples/YooAsset/2.3.18/Space Shooter/GameRes/Entity/player_bullet.prefab using Guid(f4ec271e525e14ca9927a07e6a2e153d) Importer(815301076,1909f56bfc062723c751e8b465ee728b)  -> (artifact id: 'c973fe804a6f58a4d720dbd0b47f7783') in 0.028182 seconds 
Number of asset objects unloaded after import = 13
========================================================================
Received Import Request.
  Time since last request: 0.000015 seconds.
  path: Assets/Samples/YooAsset/2.3.18/Space Shooter/GameRes/UIPanel/UIBattle.prefab
  artifactKey: Guid(dffa197b1a69704408cf9e2b16162c0e) Importer(815301076,1909f56bfc062723c751e8b465ee728b)
Number of updated assets reloaded before import = 0
Start importing Assets/Samples/YooAsset/2.3.18/Space Shooter/GameRes/UIPanel/UIBattle.prefab using Guid(dffa197b1a69704408cf9e2b16162c0e) Importer(815301076,1909f56bfc062723c751e8b465ee728b)  -> (artifact id: '235447bb74e9ee80be1267b924c6dc93') in 0.046313 seconds 
Number of asset objects unloaded after import = 63
========================================================================
Received Import Request.
  Time since last request: 0.000015 seconds.
  path: Packages/com.unity.purchasing/Runtime/Common/Purchasing.Common.asmdef
  artifactKey: Guid(7bb1ee73ebb9f114188944f67b1333d6) Importer(815301076,1909f56bfc062723c751e8b465ee728b)
Number of updated assets reloaded before import = 0
Start importing Packages/com.unity.purchasing/Runtime/Common/Purchasing.Common.asmdef using Guid(7bb1ee73ebb9f114188944f67b1333d6) Importer(815301076,1909f56bfc062723c751e8b465ee728b)  -> (artifact id: '1b49dd21c7981a9466fc25db2bdc41d1') in 0.005193 seconds 
Number of asset objects unloaded after import = 0
========================================================================
Received Import Request.
  Time since last request: 0.000016 seconds.
  path: Assets/Res/TextMeshPro/FZXinZYHJW_EB SDF/Material/FZXinZYHJW_EB SDF_tmp015_green.mat
  artifactKey: Guid(8d69776272c81ee42849e6a28a4cf597) Importer(815301076,1909f56bfc062723c751e8b465ee728b)
Number of updated assets reloaded before import = 0
Start importing Assets/Res/TextMeshPro/FZXinZYHJW_EB SDF/Material/FZXinZYHJW_EB SDF_tmp015_green.mat using Guid(8d69776272c81ee42849e6a28a4cf597) Importer(815301076,1909f56bfc062723c751e8b465ee728b)  -> (artifact id: '04be8b4399b28a6fa6954904d5c43c9a') in 0.018600 seconds 
Number of asset objects unloaded after import = 2
========================================================================
Received Import Request.
  Time since last request: 0.000022 seconds.
  path: Assets/Samples/YooAsset/2.3.18/Space Shooter/GameRes/EffectArt/fx_bolt_cyan_mat.mat
  artifactKey: Guid(63fe6ff9ab9e1433f8db4ebd940f2442) Importer(815301076,1909f56bfc062723c751e8b465ee728b)
Number of updated assets reloaded before import = 0
Start importing Assets/Samples/YooAsset/2.3.18/Space Shooter/GameRes/EffectArt/fx_bolt_cyan_mat.mat using Guid(63fe6ff9ab9e1433f8db4ebd940f2442) Importer(815301076,1909f56bfc062723c751e8b465ee728b)  -> (artifact id: 'f640946c978bda0040c58ca5666118b9') in 0.012812 seconds 
Number of asset objects unloaded after import = 2
========================================================================
Received Import Request.
  Time since last request: 0.000014 seconds.
  path: Assets/Samples/YooAsset/2.3.18/Space Shooter/GameRes/Audio/sound_weapon_enemy.wav
  artifactKey: Guid(1be4472894949437694aead55c6da60f) Importer(815301076,1909f56bfc062723c751e8b465ee728b)
Number of updated assets reloaded before import = 0
Start importing Assets/Samples/YooAsset/2.3.18/Space Shooter/GameRes/Audio/sound_weapon_enemy.wav using Guid(1be4472894949437694aead55c6da60f) Importer(815301076,1909f56bfc062723c751e8b465ee728b)  -> (artifact id: '2314ee5122cee29d98d7982a7b14ad18') in 0.011384 seconds 
Number of asset objects unloaded after import = 2
========================================================================
Received Import Request.
  Time since last request: 0.000017 seconds.
  path: Assets/Samples/YooAsset/2.3.18/Space Shooter/ThirdParty/UniFramework/UniEvent/Runtime/UniFramework.Event.asmdef
  artifactKey: Guid(f22fac247a56d2d41b687bb0d900e54e) Importer(815301076,1909f56bfc062723c751e8b465ee728b)
Number of updated assets reloaded before import = 0
Start importing Assets/Samples/YooAsset/2.3.18/Space Shooter/ThirdParty/UniFramework/UniEvent/Runtime/UniFramework.Event.asmdef using Guid(f22fac247a56d2d41b687bb0d900e54e) Importer(815301076,1909f56bfc062723c751e8b465ee728b)  -> (artifact id: 'ad7ae997723b560b36fedef6593f9507') in 0.004765 seconds 
Number of asset objects unloaded after import = 0
========================================================================
Received Import Request.
  Time since last request: 0.000014 seconds.
  path: Assets/TextMesh Pro/Examples & Extras/Textures/Gradient Diagonal (Color).jpg
  artifactKey: Guid(2ce5c55e85304b819a1826ecbc839aa5) Importer(815301076,1909f56bfc062723c751e8b465ee728b)
Number of updated assets reloaded before import = 0
Start importing Assets/TextMesh Pro/Examples & Extras/Textures/Gradient Diagonal (Color).jpg using Guid(2ce5c55e85304b819a1826ecbc839aa5) Importer(815301076,1909f56bfc062723c751e8b465ee728b)  -> (artifact id: 'ae871f01add7fc2de3b880c8238130aa') in 0.015349 seconds 
Number of asset objects unloaded after import = 2
========================================================================
Received Import Request.
  Time since last request: 0.000013 seconds.
  path: Assets/Res/TextMeshPro/FZXinZYHJW_EB SDF/Material/FZXinZYHJW_EB SDF_tmp outline_orange_1.mat
  artifactKey: Guid(8033f223743269e4e853879e146cebe7) Importer(815301076,1909f56bfc062723c751e8b465ee728b)
Number of updated assets reloaded before import = 0
Start importing Assets/Res/TextMeshPro/FZXinZYHJW_EB SDF/Material/FZXinZYHJW_EB SDF_tmp outline_orange_1.mat using Guid(8033f223743269e4e853879e146cebe7) Importer(815301076,1909f56bfc062723c751e8b465ee728b)  -> (artifact id: 'f17e0f8802088b7310174e60cb16b1bb') in 0.018627 seconds 
Number of asset objects unloaded after import = 2
========================================================================
Received Import Request.
  Time since last request: 0.000015 seconds.
  path: Assets/Samples/YooAsset/2.3.18/Space Shooter/GameRes/EntityArt/vehicle_enemyShip/vehicle_enemyShip.FBX
  artifactKey: Guid(9ddab293e2a8af3499dac05f5fd6169c) Importer(815301076,1909f56bfc062723c751e8b465ee728b)
Number of updated assets reloaded before import = 0
Start importing Assets/Samples/YooAsset/2.3.18/Space Shooter/GameRes/EntityArt/vehicle_enemyShip/vehicle_enemyShip.FBX using Guid(9ddab293e2a8af3499dac05f5fd6169c) Importer(815301076,1909f56bfc062723c751e8b465ee728b)  -> (artifact id: 'c0d7f8d7b0017c8e9d0f721cd6d9be78') in 0.022170 seconds 
Number of asset objects unloaded after import = 9
========================================================================
Received Import Request.
  Time since last request: 0.000017 seconds.
  path: Assets/Samples/YooAsset/2.3.18/Space Shooter/GameRes/Effect/explosion_player.prefab
  artifactKey: Guid(3455fe69f7ddc4604b95bf9b0a1e88d7) Importer(815301076,1909f56bfc062723c751e8b465ee728b)
Number of updated assets reloaded before import = 0
Start importing Assets/Samples/YooAsset/2.3.18/Space Shooter/GameRes/Effect/explosion_player.prefab using Guid(3455fe69f7ddc4604b95bf9b0a1e88d7) Importer(815301076,1909f56bfc062723c751e8b465ee728b)  -> (artifact id: '106d53de579f6773df4736a2a5c47d7a') in 0.027612 seconds 
Number of asset objects unloaded after import = 42
========================================================================
Received Import Request.
  Time since last request: 0.000022 seconds.
  path: Assets/Samples/YooAsset/2.3.18/Space Shooter/GameRes/EntityArt/prop_asteroid_03/prop_asteroid_03.FBX
  artifactKey: Guid(2768a9a4c8d289840918dcb879705893) Importer(815301076,1909f56bfc062723c751e8b465ee728b)
Number of updated assets reloaded before import = 0
Start importing Assets/Samples/YooAsset/2.3.18/Space Shooter/GameRes/EntityArt/prop_asteroid_03/prop_asteroid_03.FBX using Guid(2768a9a4c8d289840918dcb879705893) Importer(815301076,1909f56bfc062723c751e8b465ee728b)  -> (artifact id: '27cc0ba17e189caa9eb9f8959497edd2') in 0.027385 seconds 
Number of asset objects unloaded after import = 8
========================================================================
Received Import Request.
  Time since last request: 0.000015 seconds.
  path: Assets/Samples/YooAsset/2.3.18/Space Shooter/GameRes/EntityArt/vehicle_enemyShip/vehicle_enemyShip_red_dff.tif
  artifactKey: Guid(f27de5de4aa7d8c448ba881f0277d947) Importer(815301076,1909f56bfc062723c751e8b465ee728b)
Number of updated assets reloaded before import = 0
Start importing Assets/Samples/YooAsset/2.3.18/Space Shooter/GameRes/EntityArt/vehicle_enemyShip/vehicle_enemyShip_red_dff.tif using Guid(f27de5de4aa7d8c448ba881f0277d947) Importer(815301076,1909f56bfc062723c751e8b465ee728b)  -> (artifact id: '4fe470a030bcf5bb7eab24ac490998e1') in 0.020286 seconds 
Number of asset objects unloaded after import = 2
========================================================================
Received Import Request.
  Time since last request: 0.000015 seconds.
  path: Assets/TextMesh Pro/Examples & Extras/Materials/Ground - Logo Scene.mat
  artifactKey: Guid(c719e38f25a9480abd2480ab621a2949) Importer(815301076,1909f56bfc062723c751e8b465ee728b)
Number of updated assets reloaded before import = 0
Start importing Assets/TextMesh Pro/Examples & Extras/Materials/Ground - Logo Scene.mat using Guid(c719e38f25a9480abd2480ab621a2949) Importer(815301076,1909f56bfc062723c751e8b465ee728b)  -> (artifact id: '63780d9cf9ec274626d7ea461d7cbb0c') in 0.028903 seconds 
Number of asset objects unloaded after import = 2
========================================================================
Received Import Request.
  Time since last request: 0.000020 seconds.
  path: Packages/com.unity.purchasing/Runtime/Security/UnityEngine.Purchasing.Security.asmdef
  artifactKey: Guid(94e1de2458b07d0bf1e9f13e6ae06443) Importer(815301076,1909f56bfc062723c751e8b465ee728b)
Number of updated assets reloaded before import = 0
Start importing Packages/com.unity.purchasing/Runtime/Security/UnityEngine.Purchasing.Security.asmdef using Guid(94e1de2458b07d0bf1e9f13e6ae06443) Importer(815301076,1909f56bfc062723c751e8b465ee728b)  -> (artifact id: 'bdd43238122521d685769a7d12db7b14') in 0.005347 seconds 
Number of asset objects unloaded after import = 0
========================================================================
Received Import Request.
  Time since last request: 0.000022 seconds.
  path: Assets/Res/TextMeshPro/FZXinZYHJW_EB SDF/Material/FZXinZYHJW_EB SDF_tmp006_white.mat
  artifactKey: Guid(76ed700735590df49b1e225fefca8c37) Importer(815301076,1909f56bfc062723c751e8b465ee728b)
Number of updated assets reloaded before import = 0
Start importing Assets/Res/TextMeshPro/FZXinZYHJW_EB SDF/Material/FZXinZYHJW_EB SDF_tmp006_white.mat using Guid(76ed700735590df49b1e225fefca8c37) Importer(815301076,1909f56bfc062723c751e8b465ee728b)  -> (artifact id: '8938c25e317f0eb4e1bfce1ad1171b02') in 0.021913 seconds 
Number of asset objects unloaded after import = 2
========================================================================
Received Import Request.
  Time since last request: 0.000023 seconds.
  path: Packages/com.unity.purchasing/Runtime/WinRTCore/UnityEngine.Purchasing.WinRTCore.asmdef
  artifactKey: Guid(e0481cc7f70ec8c48994e207808fddef) Importer(815301076,1909f56bfc062723c751e8b465ee728b)
Number of updated assets reloaded before import = 0
Start importing Packages/com.unity.purchasing/Runtime/WinRTCore/UnityEngine.Purchasing.WinRTCore.asmdef using Guid(e0481cc7f70ec8c48994e207808fddef) Importer(815301076,1909f56bfc062723c751e8b465ee728b)  -> (artifact id: 'a4a1636a29998569ec82db61d144df90') in 0.004758 seconds 
Number of asset objects unloaded after import = 0
========================================================================
Received Import Request.
  Time since last request: 0.000018 seconds.
  path: Packages/com.unity.purchasing/Icons/UnityEngine.Purchasing.IAPButtonIcon.png
  artifactKey: Guid(55e457740fe60405dac77af143e1a867) Importer(815301076,1909f56bfc062723c751e8b465ee728b)
Number of updated assets reloaded before import = 0
Start importing Packages/com.unity.purchasing/Icons/UnityEngine.Purchasing.IAPButtonIcon.png using Guid(55e457740fe60405dac77af143e1a867) Importer(815301076,1909f56bfc062723c751e8b465ee728b)  -> (artifact id: '169c2a5ad9719497394ba3e982c360ce') in 0.013601 seconds 
Number of asset objects unloaded after import = 2
========================================================================
Received Import Request.
  Time since last request: 0.000024 seconds.
  path: Assets/Res/TextMeshPro/FZXinZYHJW_EB SDF/Material/FZXinZYHJW_EB SDF_tmp011_purple.mat
  artifactKey: Guid(e98081b1f21d9ec4c9fdf7db84dc0b4f) Importer(815301076,1909f56bfc062723c751e8b465ee728b)
Number of updated assets reloaded before import = 0
Start importing Assets/Res/TextMeshPro/FZXinZYHJW_EB SDF/Material/FZXinZYHJW_EB SDF_tmp011_purple.mat using Guid(e98081b1f21d9ec4c9fdf7db84dc0b4f) Importer(815301076,1909f56bfc062723c751e8b465ee728b)  -> (artifact id: '46990b8bef3a6cea47e3690b5a5b1754') in 0.020346 seconds 
Number of asset objects unloaded after import = 2
========================================================================
Received Import Request.
  Time since last request: 0.000016 seconds.
  path: Assets/Res/TextMeshPro/FZXinZYHJW_EB SDF/Material/FZXinZYHJW_EB SDF_tmp010_red.mat
  artifactKey: Guid(6a984b59033a5b04990ff21c4c805bac) Importer(815301076,1909f56bfc062723c751e8b465ee728b)
Number of updated assets reloaded before import = 0
Start importing Assets/Res/TextMeshPro/FZXinZYHJW_EB SDF/Material/FZXinZYHJW_EB SDF_tmp010_red.mat using Guid(6a984b59033a5b04990ff21c4c805bac) Importer(815301076,1909f56bfc062723c751e8b465ee728b)  -> (artifact id: '7e3edbdee93736de1a77896fec429574') in 0.020735 seconds 
Number of asset objects unloaded after import = 2
========================================================================
Received Import Request.
  Time since last request: 0.000017 seconds.
  path: Assets/Samples/YooAsset/2.3.18/Space Shooter/GameRes/EntityArt/vehicle_playerShip/vehicle_playerShip_collider.FBX
  artifactKey: Guid(5282f20eba4d44213820e21af8481932) Importer(815301076,1909f56bfc062723c751e8b465ee728b)
Number of updated assets reloaded before import = 0
Start importing Assets/Samples/YooAsset/2.3.18/Space Shooter/GameRes/EntityArt/vehicle_playerShip/vehicle_playerShip_collider.FBX using Guid(5282f20eba4d44213820e21af8481932) Importer(815301076,1909f56bfc062723c751e8b465ee728b)  -> (artifact id: '12e7f6480c12e72edac11961eea2b908') in 0.016026 seconds 
Number of asset objects unloaded after import = 7
========================================================================
Received Import Request.
  Time since last request: 0.000019 seconds.
  path: Assets/Res/TextMeshPro/FZXinZYHJW_EB SDF/Material/FZXinZYHJW_EB SDF_tmp014_green.mat
  artifactKey: Guid(2c17ab2c9c9cf49488060580d67a7eae) Importer(815301076,1909f56bfc062723c751e8b465ee728b)
Number of updated assets reloaded before import = 0
Start importing Assets/Res/TextMeshPro/FZXinZYHJW_EB SDF/Material/FZXinZYHJW_EB SDF_tmp014_green.mat using Guid(2c17ab2c9c9cf49488060580d67a7eae) Importer(815301076,1909f56bfc062723c751e8b465ee728b)  -> (artifact id: '8444215eff2c1d4d861347baf672c91c') in 0.021632 seconds 
Number of asset objects unloaded after import = 2
========================================================================
Received Import Request.
  Time since last request: 0.000020 seconds.
  path: Packages/com.unity.purchasing/Runtime/Codeless/UnityEngine.Purchasing.Codeless.asmdef
  artifactKey: Guid(059c931883a8a274690376c0592ea9a0) Importer(815301076,1909f56bfc062723c751e8b465ee728b)
Number of updated assets reloaded before import = 0
Start importing Packages/com.unity.purchasing/Runtime/Codeless/UnityEngine.Purchasing.Codeless.asmdef using Guid(059c931883a8a274690376c0592ea9a0) Importer(815301076,1909f56bfc062723c751e8b465ee728b)  -> (artifact id: '1a3d03dc20f8b61531c1167d876190a8') in 0.005295 seconds 
Number of asset objects unloaded after import = 0
========================================================================
Received Import Request.
  Time since last request: 0.000017 seconds.
  path: Assets/Samples/YooAsset/2.3.18/Space Shooter/GameRes/EntityArt/prop_asteroid_02/prop_asteroid_02_dff.tif
  artifactKey: Guid(ba157ba55f72c424a9e88f3c029997c4) Importer(815301076,1909f56bfc062723c751e8b465ee728b)
Number of updated assets reloaded before import = 0
Start importing Assets/Samples/YooAsset/2.3.18/Space Shooter/GameRes/EntityArt/prop_asteroid_02/prop_asteroid_02_dff.tif using Guid(ba157ba55f72c424a9e88f3c029997c4) Importer(815301076,1909f56bfc062723c751e8b465ee728b)  -> (artifact id: '20a946156f757451eb9b15c45b257d33') in 0.018175 seconds 
Number of asset objects unloaded after import = 2
========================================================================
Received Import Request.
  Time since last request: 0.000018 seconds.
  path: Assets/Res/TextMeshPro/FZXinZYHJW_EB SDF/Material/FZXinZYHJW_EB SDF_tmp022_brown.mat
  artifactKey: Guid(27168b07fa102aa4b8b1cec4e7e5c6de) Importer(815301076,1909f56bfc062723c751e8b465ee728b)
Number of updated assets reloaded before import = 0
Start importing Assets/Res/TextMeshPro/FZXinZYHJW_EB SDF/Material/FZXinZYHJW_EB SDF_tmp022_brown.mat using Guid(27168b07fa102aa4b8b1cec4e7e5c6de) Importer(815301076,1909f56bfc062723c751e8b465ee728b)  -> (artifact id: 'c866dd885f2686bdb9bc1a9ba11024f9') in 0.023988 seconds 
Number of asset objects unloaded after import = 2
========================================================================
Received Import Request.
  Time since last request: 0.000016 seconds.
  path: Assets/Samples/YooAsset/2.3.18/Space Shooter/GameRes/EntityArt/vehicle_enemyShip/Materials/vehicle_enemyShip_metal_mat.mat
  artifactKey: Guid(6f5bd57d6592f12429483a21457b9017) Importer(815301076,1909f56bfc062723c751e8b465ee728b)
Number of updated assets reloaded before import = 0
Start importing Assets/Samples/YooAsset/2.3.18/Space Shooter/GameRes/EntityArt/vehicle_enemyShip/Materials/vehicle_enemyShip_metal_mat.mat using Guid(6f5bd57d6592f12429483a21457b9017) Importer(815301076,1909f56bfc062723c751e8b465ee728b)  -> (artifact id: 'd27da1fb8fb8de87ee29437d0db0b923') in 0.012200 seconds 
Number of asset objects unloaded after import = 1
========================================================================
Received Import Request.
  Time since last request: 0.000014 seconds.
  path: Assets/Samples/YooAsset/2.3.18/Space Shooter/GameRes/EntityArt/vehicle_enemyShip/vehicle_enemyShip_purple_dff.tif
  artifactKey: Guid(6e5d026bf0652ed4380f6a66f4aa26c5) Importer(815301076,1909f56bfc062723c751e8b465ee728b)
Number of updated assets reloaded before import = 0
Start importing Assets/Samples/YooAsset/2.3.18/Space Shooter/GameRes/EntityArt/vehicle_enemyShip/vehicle_enemyShip_purple_dff.tif using Guid(6e5d026bf0652ed4380f6a66f4aa26c5) Importer(815301076,1909f56bfc062723c751e8b465ee728b)  -> (artifact id: '73a614c577847238dcf3deb5765460a6') in 0.013025 seconds 
Number of asset objects unloaded after import = 2
========================================================================
Received Import Request.
  Time since last request: 0.000017 seconds.
  path: Assets/Samples/YooAsset/2.3.18/Space Shooter/GameRes/UIPanel/UIHome.prefab
  artifactKey: Guid(f33f75c4ce22cf248abf851242ac4363) Importer(815301076,1909f56bfc062723c751e8b465ee728b)
Number of updated assets reloaded before import = 0
Start importing Assets/Samples/YooAsset/2.3.18/Space Shooter/GameRes/UIPanel/UIHome.prefab using Guid(f33f75c4ce22cf248abf851242ac4363) Importer(815301076,1909f56bfc062723c751e8b465ee728b)  -> (artifact id: '6deb3ac051e50205732f89b3deced63b') in 0.023009 seconds 
Number of asset objects unloaded after import = 67
========================================================================
Received Import Request.
  Time since last request: 0.000017 seconds.
  path: Assets/Res/TextMeshPro/FZXinZYHJW_EB SDF/Material/FZXinZYHJW_EB SDF_tmp005_yellow.mat
  artifactKey: Guid(e778b759999ca7d4c8808ef57097681c) Importer(815301076,1909f56bfc062723c751e8b465ee728b)
Number of updated assets reloaded before import = 0
Start importing Assets/Res/TextMeshPro/FZXinZYHJW_EB SDF/Material/FZXinZYHJW_EB SDF_tmp005_yellow.mat using Guid(e778b759999ca7d4c8808ef57097681c) Importer(815301076,1909f56bfc062723c751e8b465ee728b)  -> (artifact id: '2fbc59e679939f5bd19d2f80df33b0fd') in 0.024275 seconds 
Number of asset objects unloaded after import = 2
========================================================================
Received Import Request.
  Time since last request: 0.000022 seconds.
  path: Assets/Res/TextMeshPro/FZXinZYHJW_EB SDF/Material/FZXinZYHJW_EB SDF_tmp outline_purple_1.mat
  artifactKey: Guid(6365eb480887d914696a706562e051e3) Importer(815301076,1909f56bfc062723c751e8b465ee728b)
Number of updated assets reloaded before import = 0
Start importing Assets/Res/TextMeshPro/FZXinZYHJW_EB SDF/Material/FZXinZYHJW_EB SDF_tmp outline_purple_1.mat using Guid(6365eb480887d914696a706562e051e3) Importer(815301076,1909f56bfc062723c751e8b465ee728b)  -> (artifact id: '57945911a70a2574d162080e1f882f8c') in 0.019650 seconds 
Number of asset objects unloaded after import = 2
========================================================================
Received Import Request.
  Time since last request: 0.000016 seconds.
  path: Packages/com.unity.purchasing/Runtime/AppleCore/UnityEngine.Purchasing.AppleCore.asmdef
  artifactKey: Guid(38106865282c8c64c93112192f9fe21b) Importer(815301076,1909f56bfc062723c751e8b465ee728b)
Number of updated assets reloaded before import = 0
Start importing Packages/com.unity.purchasing/Runtime/AppleCore/UnityEngine.Purchasing.AppleCore.asmdef using Guid(38106865282c8c64c93112192f9fe21b) Importer(815301076,1909f56bfc062723c751e8b465ee728b)  -> (artifact id: '4701fd3be53002cab4be04d31106501a') in 0.004578 seconds 
Number of asset objects unloaded after import = 0
========================================================================
Received Import Request.
  Time since last request: 0.000015 seconds.
  path: Assets/Samples/YooAsset/2.3.18/Space Shooter/GameRes/EntityArt/prop_asteroid_01/prop_asteroid_01_dff.tif
  artifactKey: Guid(ae6a7f967521769458b0913fa39caaf4) Importer(815301076,1909f56bfc062723c751e8b465ee728b)
Number of updated assets reloaded before import = 0
Start importing Assets/Samples/YooAsset/2.3.18/Space Shooter/GameRes/EntityArt/prop_asteroid_01/prop_asteroid_01_dff.tif using Guid(ae6a7f967521769458b0913fa39caaf4) Importer(815301076,1909f56bfc062723c751e8b465ee728b)  -> (artifact id: 'd83d51c3a2248046a5eacbeb83908fea') in 0.020038 seconds 
Number of asset objects unloaded after import = 2
========================================================================
Received Import Request.
  Time since last request: 0.000017 seconds.
  path: Assets/Samples/YooAsset/2.3.18/Space Shooter/GameRes/EntityArt/prop_asteroid_03/Materials/prop_asteroid_03_mat.mat
  artifactKey: Guid(254851f2c6823c14cb9fbcb9b944d729) Importer(815301076,1909f56bfc062723c751e8b465ee728b)
Number of updated assets reloaded before import = 0
Start importing Assets/Samples/YooAsset/2.3.18/Space Shooter/GameRes/EntityArt/prop_asteroid_03/Materials/prop_asteroid_03_mat.mat using Guid(254851f2c6823c14cb9fbcb9b944d729) Importer(815301076,1909f56bfc062723c751e8b465ee728b)  -> (artifact id: 'a0ca25d44cff15d31b17b1dd44a505e4') in 0.013922 seconds 
Number of asset objects unloaded after import = 1
========================================================================
Received Import Request.
  Time since last request: 0.000017 seconds.
  path: Assets/Res/TextMeshPro/FZXinZYHJW_EB SDF/Material/FZXinZYHJW_EB SDF_tmp008_purple.mat
  artifactKey: Guid(de9fe6e7660cb6746a89036ae99469ae) Importer(815301076,1909f56bfc062723c751e8b465ee728b)
Number of updated assets reloaded before import = 0
Start importing Assets/Res/TextMeshPro/FZXinZYHJW_EB SDF/Material/FZXinZYHJW_EB SDF_tmp008_purple.mat using Guid(de9fe6e7660cb6746a89036ae99469ae) Importer(815301076,1909f56bfc062723c751e8b465ee728b)  -> (artifact id: 'c46b3f0f54e62fcff80fb659ae31ec87') in 0.025383 seconds 
Number of asset objects unloaded after import = 2
========================================================================
Received Import Request.
  Time since last request: 0.000023 seconds.
  path: Assets/Res/TextMeshPro/FZXinZYHJW_EB SDF/Material/FZXinZYHJW_EB SDF_tmp shadown_blue_1.mat
  artifactKey: Guid(5112dad4b01059a43b13a09efb2f471c) Importer(815301076,1909f56bfc062723c751e8b465ee728b)
Number of updated assets reloaded before import = 0
Start importing Assets/Res/TextMeshPro/FZXinZYHJW_EB SDF/Material/FZXinZYHJW_EB SDF_tmp shadown_blue_1.mat using Guid(5112dad4b01059a43b13a09efb2f471c) Importer(815301076,1909f56bfc062723c751e8b465ee728b)  -> (artifact id: '9118665dd152c53073fee33bad5787de') in 0.026308 seconds 
Number of asset objects unloaded after import = 2
========================================================================
Received Import Request.
  Time since last request: 0.000020 seconds.
  path: Assets/Samples/YooAsset/2.3.18/Space Shooter/GameRes/EffectArt/fx_bolt_orange_mat.mat
  artifactKey: Guid(8e27380ee68aa4a219b4db9018e7da31) Importer(815301076,1909f56bfc062723c751e8b465ee728b)
Number of updated assets reloaded before import = 0
Start importing Assets/Samples/YooAsset/2.3.18/Space Shooter/GameRes/EffectArt/fx_bolt_orange_mat.mat using Guid(8e27380ee68aa4a219b4db9018e7da31) Importer(815301076,1909f56bfc062723c751e8b465ee728b)  -> (artifact id: '33adcbde8cf240fb07040d968f2cd934') in 0.013876 seconds 
Number of asset objects unloaded after import = 2
========================================================================
Received Import Request.
  Time since last request: 0.000018 seconds.
  path: Assets/Res/TextMeshPro/FZXinZYHJW_EB SDF/Material/FZXinZYHJW_EB SDF_tmp018_purple.mat
  artifactKey: Guid(a85240cf5d26b5a43938da37ecf02f57) Importer(815301076,1909f56bfc062723c751e8b465ee728b)
Number of updated assets reloaded before import = 0
Start importing Assets/Res/TextMeshPro/FZXinZYHJW_EB SDF/Material/FZXinZYHJW_EB SDF_tmp018_purple.mat using Guid(a85240cf5d26b5a43938da37ecf02f57) Importer(815301076,1909f56bfc062723c751e8b465ee728b)  -> (artifact id: '1b23ac341ab21bda72bd31f4f4a332e5') in 0.022869 seconds 
Number of asset objects unloaded after import = 2
========================================================================
Received Import Request.
  Time since last request: 0.000019 seconds.
  path: Assets/Res/TextMeshPro/FZXinZYHJW_EB SDF/Material/FZXinZYHJW_EB SDF_tmp017_brown.mat
  artifactKey: Guid(e83cb85a18f03054ab68bbb140306faa) Importer(815301076,1909f56bfc062723c751e8b465ee728b)
Number of updated assets reloaded before import = 0
Start importing Assets/Res/TextMeshPro/FZXinZYHJW_EB SDF/Material/FZXinZYHJW_EB SDF_tmp017_brown.mat using Guid(e83cb85a18f03054ab68bbb140306faa) Importer(815301076,1909f56bfc062723c751e8b465ee728b)  -> (artifact id: '6410ba3ef184aba33158732071ba5b0d') in 0.025466 seconds 
Number of asset objects unloaded after import = 2
========================================================================
Received Import Request.
  Time since last request: 0.000019 seconds.
  path: Assets/TextMesh Pro/Examples & Extras/Textures/Gradient Horizontal (Color).jpg
  artifactKey: Guid(6eb184de103d4b3f812b38561065192f) Importer(815301076,1909f56bfc062723c751e8b465ee728b)
Number of updated assets reloaded before import = 0
Start importing Assets/TextMesh Pro/Examples & Extras/Textures/Gradient Horizontal (Color).jpg using Guid(6eb184de103d4b3f812b38561065192f) Importer(815301076,1909f56bfc062723c751e8b465ee728b)  -> (artifact id: '12160a0083f4bb2ffdc73e0f726d9d5c') in 0.019461 seconds 
Number of asset objects unloaded after import = 2
========================================================================
Received Import Request.
  Time since last request: 0.000024 seconds.
  path: Assets/Samples/YooAsset/2.3.18/Space Shooter/GameRes/EntityArt/vehicle_playerShip/vehicle_playerShip_glass_mat.mat
  artifactKey: Guid(f36c72c738c55f741afcd674a0b1245f) Importer(815301076,1909f56bfc062723c751e8b465ee728b)
Number of updated assets reloaded before import = 0
Start importing Assets/Samples/YooAsset/2.3.18/Space Shooter/GameRes/EntityArt/vehicle_playerShip/vehicle_playerShip_glass_mat.mat using Guid(f36c72c738c55f741afcd674a0b1245f) Importer(815301076,1909f56bfc062723c751e8b465ee728b)  -> (artifact id: '2073d8b476cc495f2f5aae7a2841979a') in 0.167297 seconds 
Number of asset objects unloaded after import = 4
========================================================================
Received Import Request.
  Time since last request: 0.000020 seconds.
  path: Packages/com.unity.purchasing/Editor/ServiceProjectSettings/UI/StyleSheets/ServicesProjectSettingsDark.uss
  artifactKey: Guid(626c73531ebd8114e8ec291868c11324) Importer(815301076,1909f56bfc062723c751e8b465ee728b)
Number of updated assets reloaded before import = 0
Start importing Packages/com.unity.purchasing/Editor/ServiceProjectSettings/UI/StyleSheets/ServicesProjectSettingsDark.uss using Guid(626c73531ebd8114e8ec291868c11324) Importer(815301076,1909f56bfc062723c751e8b465ee728b)  -> (artifact id: '1fb9bdb15072f75486111127c68f9ac0') in 0.018273 seconds 
Number of asset objects unloaded after import = 1
========================================================================
Received Import Request.
  Time since last request: 0.000014 seconds.
  path: Packages/com.unity.purchasing/Runtime/SecurityCore/UnityEngine.Purchasing.SecurityCore.asmdef
  artifactKey: Guid(e63a64384cc3ef04cac761c1ce76e9c2) Importer(815301076,1909f56bfc062723c751e8b465ee728b)
Number of updated assets reloaded before import = 0
Start importing Packages/com.unity.purchasing/Runtime/SecurityCore/UnityEngine.Purchasing.SecurityCore.asmdef using Guid(e63a64384cc3ef04cac761c1ce76e9c2) Importer(815301076,1909f56bfc062723c751e8b465ee728b)  -> (artifact id: 'adfb02b8102b046aa87b79cde6a11052') in 0.005242 seconds 
Number of asset objects unloaded after import = 0
========================================================================
Received Import Request.
  Time since last request: 0.000017 seconds.
  path: Packages/com.unity.purchasing/Runtime/Apple/UnityEngine.Purchasing.Apple.asmdef
  artifactKey: Guid(400f2260dd8d285419d1db99999109aa) Importer(815301076,1909f56bfc062723c751e8b465ee728b)
Number of updated assets reloaded before import = 0
Start importing Packages/com.unity.purchasing/Runtime/Apple/UnityEngine.Purchasing.Apple.asmdef using Guid(400f2260dd8d285419d1db99999109aa) Importer(815301076,1909f56bfc062723c751e8b465ee728b)  -> (artifact id: '403be17c7842009f513ae2d0d632510e') in 0.005209 seconds 
Number of asset objects unloaded after import = 0
========================================================================
Received Import Request.
  Time since last request: 0.000016 seconds.
  path: Assets/Samples/YooAsset/2.3.18/Space Shooter/GameRes/EntityArt/prop_asteroid_01/prop_asteroid_01.FBX
  artifactKey: Guid(baedbbad82997f445a8cb4da210404e0) Importer(815301076,1909f56bfc062723c751e8b465ee728b)
Number of updated assets reloaded before import = 0
Start importing Assets/Samples/YooAsset/2.3.18/Space Shooter/GameRes/EntityArt/prop_asteroid_01/prop_asteroid_01.FBX using Guid(baedbbad82997f445a8cb4da210404e0) Importer(815301076,1909f56bfc062723c751e8b465ee728b)  -> (artifact id: '620ede9ca4ac7156c17c0b13d0a88b2a') in 0.022065 seconds 
Number of asset objects unloaded after import = 8
========================================================================
Received Import Request.
  Time since last request: 0.000014 seconds.
  path: Assets/Samples/YooAsset/2.3.18/Space Shooter/GameRes/EffectArt/fx_lazer_orange_dff.tif
  artifactKey: Guid(fd3cbf51780694849b9b019b36a3938e) Importer(815301076,1909f56bfc062723c751e8b465ee728b)
Number of updated assets reloaded before import = 0
Start importing Assets/Samples/YooAsset/2.3.18/Space Shooter/GameRes/EffectArt/fx_lazer_orange_dff.tif using Guid(fd3cbf51780694849b9b019b36a3938e) Importer(815301076,1909f56bfc062723c751e8b465ee728b)  -> (artifact id: 'f04cd36bab5cadbc89380eb82abf9498') in 0.010848 seconds 
Number of asset objects unloaded after import = 2
========================================================================
Received Import Request.
  Time since last request: 0.000012 seconds.
  path: Assets/Samples/YooAsset/2.3.18/Space Shooter/GameRes/UIPanel/UILoading.prefab
  artifactKey: Guid(79ae622f4c23c47449fc3ea70abaca51) Importer(815301076,1909f56bfc062723c751e8b465ee728b)
Number of updated assets reloaded before import = 0
Start importing Assets/Samples/YooAsset/2.3.18/Space Shooter/GameRes/UIPanel/UILoading.prefab using Guid(79ae622f4c23c47449fc3ea70abaca51) Importer(815301076,1909f56bfc062723c751e8b465ee728b)  -> (artifact id: 'fefeb6e1bd1145af328abc4a772b40ec') in 0.010018 seconds 
Number of asset objects unloaded after import = 18
========================================================================
Received Import Request.
  Time since last request: 0.000016 seconds.
  path: Assets/Samples/YooAsset/2.3.18/Space Shooter/GameRes/EntityArt/prop_asteroid_01/Materials/prop_asteroid_01_mat.mat
  artifactKey: Guid(47b3745957977364fa5c3acde5fe8544) Importer(815301076,1909f56bfc062723c751e8b465ee728b)
Number of updated assets reloaded before import = 0
Start importing Assets/Samples/YooAsset/2.3.18/Space Shooter/GameRes/EntityArt/prop_asteroid_01/Materials/prop_asteroid_01_mat.mat using Guid(47b3745957977364fa5c3acde5fe8544) Importer(815301076,1909f56bfc062723c751e8b465ee728b)  -> (artifact id: '5648ece654adf6bdee767ecd44e31162') in 0.008084 seconds 
Number of asset objects unloaded after import = 1
========================================================================
Received Import Request.
  Time since last request: 0.000013 seconds.
  path: Assets/Samples/YooAsset/2.3.18/Space Shooter/GameRes/EntityArt/vehicle_playerShip/Materials/vehicle_playerShip_glass_mat.mat
  artifactKey: Guid(0e0e9e361d155c040acb87282dd2bfc5) Importer(815301076,1909f56bfc062723c751e8b465ee728b)
Number of updated assets reloaded before import = 0
Start importing Assets/Samples/YooAsset/2.3.18/Space Shooter/GameRes/EntityArt/vehicle_playerShip/Materials/vehicle_playerShip_glass_mat.mat using Guid(0e0e9e361d155c040acb87282dd2bfc5) Importer(815301076,1909f56bfc062723c751e8b465ee728b)  -> (artifact id: 'fb1a7d21babb4c3b3cbd9865408db53f') in 0.009114 seconds 
Number of asset objects unloaded after import = 1
========================================================================
Received Import Request.
  Time since last request: 0.000014 seconds.
  path: Packages/com.unity.purchasing/Editor/ServiceProjectSettings/UI/StyleSheets/PlatformSupportVisualDark.uss
  artifactKey: Guid(85d7db48c22668e488e23d32d62dc375) Importer(815301076,1909f56bfc062723c751e8b465ee728b)
Number of updated assets reloaded before import = 0
Start importing Packages/com.unity.purchasing/Editor/ServiceProjectSettings/UI/StyleSheets/PlatformSupportVisualDark.uss using Guid(85d7db48c22668e488e23d32d62dc375) Importer(815301076,1909f56bfc062723c751e8b465ee728b)  -> (artifact id: 'aaae9c786d83d01d2004c6c3d51db4eb') in 0.009316 seconds 
Number of asset objects unloaded after import = 1
========================================================================
Received Import Request.
  Time since last request: 0.000013 seconds.
  path: Packages/com.unity.purchasing/Editor/ServiceProjectSettings/UI/UXML/PurchasingProjectSettings.uxml
  artifactKey: Guid(7bcc2360f5525c542aed6bffb5021271) Importer(815301076,1909f56bfc062723c751e8b465ee728b)
Number of updated assets reloaded before import = 0
Start importing Packages/com.unity.purchasing/Editor/ServiceProjectSettings/UI/UXML/PurchasingProjectSettings.uxml using Guid(7bcc2360f5525c542aed6bffb5021271) Importer(815301076,1909f56bfc062723c751e8b465ee728b)  -> (artifact id: 'a7d36b855bc9139c879437a17146958a') in 0.008879 seconds 
Number of asset objects unloaded after import = 2
Editor requested this worker to shutdown with reason: Scaling down because of idle timeout
AssetImportWorker is now disconnected from the server
Process exiting
Exiting without the bug reporter. Application will terminate with return code 0